../Middlewares/Third_Party/FreeRTOS-TCP/FreeRTOS_ARP.c:123:26:eARPProcessPacket	48	static
../Middlewares/Third_Party/FreeRTOS-TCP/FreeRTOS_ARP.c:315:13:vProcessARPPacketReply	48	static
../Middlewares/Third_Party/FreeRTOS-TCP/FreeRTOS_ARP.c:370:12:xIsIPInARPCache	24	static
../Middlewares/Third_Party/FreeRTOS-TCP/FreeRTOS_ARP.c:404:12:xCheckRequiresARPResolution	32	static
../Middlewares/Third_Party/FreeRTOS-TCP/FreeRTOS_ARP.c:472:6:vARPRefreshCacheEntry	48	static
../Middlewares/Third_Party/FreeRTOS-TCP/FreeRTOS_ARP.c:696:20:eARPGetCacheEntry	32	static,ignoring_inline_asm
../Middlewares/Third_Party/FreeRTOS-TCP/FreeRTOS_ARP.c:813:27:prvCacheLookup	24	static
../Middlewares/Third_Party/FreeRTOS-TCP/FreeRTOS_ARP.c:855:6:vARPAgeCache	16	static
../Middlewares/Third_Party/FreeRTOS-TCP/FreeRTOS_ARP.c:911:6:vARPSendGratuitous	8	static
../Middlewares/Third_Party/FreeRTOS-TCP/FreeRTOS_ARP.c:929:6:FreeRTOS_OutputARPRequest	32	static
../Middlewares/Third_Party/FreeRTOS-TCP/FreeRTOS_ARP.c:992:12:xARPWaitResolution	56	static,ignoring_inline_asm
../Middlewares/Third_Party/FreeRTOS-TCP/FreeRTOS_ARP.c:1049:6:vARPGenerateRequestPacket	40	static,ignoring_inline_asm
../Middlewares/Third_Party/FreeRTOS-TCP/FreeRTOS_ARP.c:1129:6:FreeRTOS_ClearARP	8	static
../Middlewares/Third_Party/FreeRTOS-TCP/FreeRTOS_ARP.c:1149:16:xCheckLoopback	40	static
../Middlewares/Third_Party/FreeRTOS-TCP/FreeRTOS_ARP.c:1199:10:FreeRTOS_PrintARPCache	64	static
