../Middlewares/Third_Party/FreeRTOS-TCP/FreeRTOS_Sockets.c:230:19:prvValidSocket	32	static
../Middlewares/Third_Party/FreeRTOS-TCP/FreeRTOS_Sockets.c:265:6:vNetworkSocketsInit	8	static
../Middlewares/Third_Party/FreeRTOS-TCP/FreeRTOS_Sockets.c:289:19:prvDetermineSocketSize	56	static,ignoring_inline_asm
../Middlewares/Third_Party/FreeRTOS-TCP/FreeRTOS_Sockets.c:365:10:FreeRTOS_socket	48	static
../Middlewares/Third_Party/FreeRTOS-TCP/FreeRTOS_Sockets.c:845:9:FreeRTOS_recvfrom	80	static
../Middlewares/Third_Party/FreeRTOS-TCP/FreeRTOS_Sockets.c:1030:19:prvMakeSureSocketIsBound	24	static
../Middlewares/Third_Party/FreeRTOS-TCP/FreeRTOS_Sockets.c:1065:9:FreeRTOS_sendto	72	static,ignoring_inline_asm
../Middlewares/Third_Party/FreeRTOS-TCP/FreeRTOS_Sockets.c:1230:12:FreeRTOS_bind	56	static,ignoring_inline_asm
../Middlewares/Third_Party/FreeRTOS-TCP/FreeRTOS_Sockets.c:1314:12:vSocketBind	56	static,ignoring_inline_asm
../Middlewares/Third_Party/FreeRTOS-TCP/FreeRTOS_Sockets.c:1465:12:FreeRTOS_closesocket	32	static
../Middlewares/Third_Party/FreeRTOS-TCP/FreeRTOS_Sockets.c:1539:8:vSocketClose	48	static
../Middlewares/Third_Party/FreeRTOS-TCP/FreeRTOS_Sockets.c:1655:17:prvTCPSetSocketCount	40	static
../Middlewares/Third_Party/FreeRTOS-TCP/FreeRTOS_Sockets.c:1732:23:prvSockopt_so_buffer	32	static
../Middlewares/Third_Party/FreeRTOS-TCP/FreeRTOS_Sockets.c:1792:12:FreeRTOS_setsockopt	48	static
../Middlewares/Third_Party/FreeRTOS-TCP/FreeRTOS_Sockets.c:2179:17:prvGetPrivatePortNumber	32	static
../Middlewares/Third_Party/FreeRTOS-TCP/FreeRTOS_Sockets.c:2248:27:pxListFindListItemWithValue	32	static
../Middlewares/Third_Party/FreeRTOS-TCP/FreeRTOS_Sockets.c:2287:21:pxUDPSocketLookup	32	static,ignoring_inline_asm
../Middlewares/Third_Party/FreeRTOS-TCP/FreeRTOS_Sockets.c:2325:14:FreeRTOS_inet_ntoa	48	static
../Middlewares/Third_Party/FreeRTOS-TCP/FreeRTOS_Sockets.c:2398:12:FreeRTOS_inet_pton	32	static
../Middlewares/Third_Party/FreeRTOS-TCP/FreeRTOS_Sockets.c:2435:14:FreeRTOS_inet_ntop	32	static
../Middlewares/Third_Party/FreeRTOS-TCP/FreeRTOS_Sockets.c:2472:14:FreeRTOS_inet_ntop4	40	static
../Middlewares/Third_Party/FreeRTOS-TCP/FreeRTOS_Sockets.c:2506:16:ucASCIIToHex	24	static
../Middlewares/Third_Party/FreeRTOS-TCP/FreeRTOS_Sockets.c:2550:6:FreeRTOS_EUI48_ntop	40	static
../Middlewares/Third_Party/FreeRTOS-TCP/FreeRTOS_Sockets.c:2615:12:FreeRTOS_EUI48_pton	48	static
../Middlewares/Third_Party/FreeRTOS-TCP/FreeRTOS_Sockets.c:2691:12:FreeRTOS_inet_pton4	56	static
../Middlewares/Third_Party/FreeRTOS-TCP/FreeRTOS_Sockets.c:2815:10:FreeRTOS_inet_addr	24	static
../Middlewares/Third_Party/FreeRTOS-TCP/FreeRTOS_Sockets.c:2840:8:FreeRTOS_GetLocalAddress	24	static
../Middlewares/Third_Party/FreeRTOS-TCP/FreeRTOS_Sockets.c:2861:6:vSocketWakeUpUser	16	static
../Middlewares/Third_Party/FreeRTOS-TCP/FreeRTOS_Sockets.c:2951:23:bMayConnect	24	static
../Middlewares/Third_Party/FreeRTOS-TCP/FreeRTOS_Sockets.c:3000:23:prvTCPConnectStart	24	static
../Middlewares/Third_Party/FreeRTOS-TCP/FreeRTOS_Sockets.c:3086:16:FreeRTOS_connect	64	static
../Middlewares/Third_Party/FreeRTOS-TCP/FreeRTOS_Sockets.c:3179:14:FreeRTOS_accept	72	static
../Middlewares/Third_Party/FreeRTOS-TCP/FreeRTOS_Sockets.c:3333:16:FreeRTOS_recv	72	static
../Middlewares/Third_Party/FreeRTOS-TCP/FreeRTOS_Sockets.c:3545:20:prvTCPSendCheck	24	static
../Middlewares/Third_Party/FreeRTOS-TCP/FreeRTOS_Sockets.c:3609:15:FreeRTOS_get_tx_head	40	static
../Middlewares/Third_Party/FreeRTOS-TCP/FreeRTOS_Sockets.c:3664:16:FreeRTOS_send	72	static
../Middlewares/Third_Party/FreeRTOS-TCP/FreeRTOS_Sockets.c:3859:16:FreeRTOS_listen	24	static
../Middlewares/Third_Party/FreeRTOS-TCP/FreeRTOS_Sockets.c:3930:16:FreeRTOS_shutdown	24	static
../Middlewares/Third_Party/FreeRTOS-TCP/FreeRTOS_Sockets.c:3980:16:xTCPTimerCheck	48	static
../Middlewares/Third_Party/FreeRTOS-TCP/FreeRTOS_Sockets.c:4084:25:pxTCPSocketLookup	48	static
../Middlewares/Third_Party/FreeRTOS-TCP/FreeRTOS_Sockets.c:4151:35:FreeRTOS_get_rx_buf	24	static
../Middlewares/Third_Party/FreeRTOS-TCP/FreeRTOS_Sockets.c:4180:29:prvTCPCreateStream	40	static
../Middlewares/Third_Party/FreeRTOS-TCP/FreeRTOS_Sockets.c:4290:13:lTCPAddRxdata	64	static
../Middlewares/Third_Party/FreeRTOS-TCP/FreeRTOS_Sockets.c:4437:16:FreeRTOS_GetRemoteAddress	24	static
../Middlewares/Third_Party/FreeRTOS-TCP/FreeRTOS_Sockets.c:4478:16:FreeRTOS_maywrite	24	static
../Middlewares/Third_Party/FreeRTOS-TCP/FreeRTOS_Sockets.c:4524:16:FreeRTOS_tx_space	24	static
../Middlewares/Third_Party/FreeRTOS-TCP/FreeRTOS_Sockets.c:4562:16:FreeRTOS_tx_size	24	static
../Middlewares/Third_Party/FreeRTOS-TCP/FreeRTOS_Sockets.c:4599:16:FreeRTOS_issocketconnected	24	static
../Middlewares/Third_Party/FreeRTOS-TCP/FreeRTOS_Sockets.c:4635:16:FreeRTOS_mss	24	static
../Middlewares/Third_Party/FreeRTOS-TCP/FreeRTOS_Sockets.c:4671:16:FreeRTOS_connstatus	24	static
../Middlewares/Third_Party/FreeRTOS-TCP/FreeRTOS_Sockets.c:4703:16:FreeRTOS_rx_size	24	static
../Middlewares/Third_Party/FreeRTOS-TCP/FreeRTOS_Sockets.c:4735:12:xSocketValid	24	static
../Middlewares/Third_Party/FreeRTOS-TCP/FreeRTOS_Sockets.c:4785:10:FreeRTOS_netstat	16	static
../Middlewares/Third_Party/FreeRTOS-TCP/FreeRTOS_Sockets.c:4805:10:vTCPNetStat	120	static,ignoring_inline_asm
