../Middlewares/Third_Party/FreeRTOS-TCP/FreeRTOS_DNS_Cache.c:103:14:FreeRTOS_dnslookup	24	static
../Middlewares/Third_Party/FreeRTOS-TCP/FreeRTOS_DNS_Cache.c:124:16:FreeRTOS_dns_update	24	static
../Middlewares/Third_Party/FreeRTOS-TCP/FreeRTOS_DNS_Cache.c:139:10:FreeRTOS_dnsclear	8	static
../Middlewares/Third_Party/FreeRTOS-TCP/FreeRTOS_DNS_Cache.c:157:16:FreeRTOS_ProcessDNSCache	56	static,ignoring_inline_asm
../Middlewares/Third_Party/FreeRTOS-TCP/FreeRTOS_DNS_Cache.c:225:23:prvFindEntryIndex	24	static
../Middlewares/Third_Party/FreeRTOS-TCP/FreeRTOS_DNS_Cache.c:259:23:prvGetCacheIPEntry	40	static
../Middlewares/Third_Party/FreeRTOS-TCP/FreeRTOS_DNS_Cache.c:309:17:prvUpdateCacheEntry	32	static
../Middlewares/Third_Party/FreeRTOS-TCP/FreeRTOS_DNS_Cache.c:339:17:prvInsertCacheEntry	24	static
