../Middlewares/Third_Party/FreeRTOS-TCP/FreeRTOS_TCP_WIN.c:237:38:xSequenceLessThanOrEqual	24	static
../Middlewares/Third_Party/FreeRTOS-TCP/FreeRTOS_TCP_WIN.c:264:16:xSequenceLessThan	24	static
../Middlewares/Third_Party/FreeRTOS-TCP/FreeRTOS_TCP_WIN.c:288:16:xSequenceGreaterThan	24	static
../Middlewares/Third_Party/FreeRTOS-TCP/FreeRTOS_TCP_WIN.c:315:34:xSequenceGreaterThanOrEqual	24	static
../Middlewares/Third_Party/FreeRTOS-TCP/FreeRTOS_TCP_WIN.c:340:32:vListInsertFifo	16	static
../Middlewares/Third_Party/FreeRTOS-TCP/FreeRTOS_TCP_WIN.c:355:28:vTCPTimerSet	16	static
../Middlewares/Third_Party/FreeRTOS-TCP/FreeRTOS_TCP_WIN.c:370:32:ulTimerGetAge	24	static
../Middlewares/Third_Party/FreeRTOS-TCP/FreeRTOS_TCP_WIN.c:386:17:vListInsertGeneric	24	static
../Middlewares/Third_Party/FreeRTOS-TCP/FreeRTOS_TCP_WIN.c:417:27:prvCreateSectors	16	static
../Middlewares/Third_Party/FreeRTOS-TCP/FreeRTOS_TCP_WIN.c:476:31:xTCPWindowRxFind	32	static
../Middlewares/Third_Party/FreeRTOS-TCP/FreeRTOS_TCP_WIN.c:521:31:xTCPWindowNew	48	static,ignoring_inline_asm
../Middlewares/Third_Party/FreeRTOS-TCP/FreeRTOS_TCP_WIN.c:596:20:xTCPWindowRxEmpty	24	static
../Middlewares/Third_Party/FreeRTOS-TCP/FreeRTOS_TCP_WIN.c:638:31:xTCPWindowGetHead	24	static
../Middlewares/Third_Party/FreeRTOS-TCP/FreeRTOS_TCP_WIN.c:670:31:xTCPWindowPeekHead	24	static
../Middlewares/Third_Party/FreeRTOS-TCP/FreeRTOS_TCP_WIN.c:698:21:vTCPWindowFree	16	static
../Middlewares/Third_Party/FreeRTOS-TCP/FreeRTOS_TCP_WIN.c:732:14:vTCPWindowDestroy	32	static
../Middlewares/Third_Party/FreeRTOS-TCP/FreeRTOS_TCP_WIN.c:776:10:vTCPWindowCreate	24	static
../Middlewares/Third_Party/FreeRTOS-TCP/FreeRTOS_TCP_WIN.c:822:10:vTCPWindowInit	32	static
../Middlewares/Third_Party/FreeRTOS-TCP/FreeRTOS_TCP_WIN.c:884:14:vTCPSegmentCleanup	8	static
../Middlewares/Third_Party/FreeRTOS-TCP/FreeRTOS_TCP_WIN.c:924:31:xTCPWindowRxConfirm	80	static
../Middlewares/Third_Party/FreeRTOS-TCP/FreeRTOS_TCP_WIN.c:993:21:prvTCPWindowRx_ExpectedRX	56	static
../Middlewares/Third_Party/FreeRTOS-TCP/FreeRTOS_TCP_WIN.c:1072:24:prvTCPWindowRx_UnexpectedRX	80	static
../Middlewares/Third_Party/FreeRTOS-TCP/FreeRTOS_TCP_WIN.c:1186:17:lTCPWindowRxCheck	56	static
../Middlewares/Third_Party/FreeRTOS-TCP/FreeRTOS_TCP_WIN.c:1329:24:lTCPIncrementTxPosition	32	static
../Middlewares/Third_Party/FreeRTOS-TCP/FreeRTOS_TCP_WIN.c:1363:24:prvTCPWindowTxAdd_FrontSegment	40	static
../Middlewares/Third_Party/FreeRTOS-TCP/FreeRTOS_TCP_WIN.c:1411:17:lTCPWindowTxAdd	48	static
../Middlewares/Third_Party/FreeRTOS-TCP/FreeRTOS_TCP_WIN.c:1499:20:xTCPWindowTxDone	16	static
../Middlewares/Third_Party/FreeRTOS-TCP/FreeRTOS_TCP_WIN.c:1516:27:prvTCPWindowTxHasSpace	32	static
../Middlewares/Third_Party/FreeRTOS-TCP/FreeRTOS_TCP_WIN.c:1587:20:xTCPWindowTxHasData	48	static
../Middlewares/Third_Party/FreeRTOS-TCP/FreeRTOS_TCP_WIN.c:1674:31:pxTCPWindowTx_GetWaitQueue	40	static
../Middlewares/Third_Party/FreeRTOS-TCP/FreeRTOS_TCP_WIN.c:1728:31:pxTCPWindowTx_GetTXQueue	40	static
../Middlewares/Third_Party/FreeRTOS-TCP/FreeRTOS_TCP_WIN.c:1796:18:ulTCPWindowTxGet	56	static,ignoring_inline_asm
../Middlewares/Third_Party/FreeRTOS-TCP/FreeRTOS_TCP_WIN.c:1897:21:prvTCPWindowTxCheckAck_CalcSRTT	24	static
../Middlewares/Third_Party/FreeRTOS-TCP/FreeRTOS_TCP_WIN.c:1936:25:prvTCPWindowTxCheckAck	80	static
../Middlewares/Third_Party/FreeRTOS-TCP/FreeRTOS_TCP_WIN.c:2089:25:prvTCPWindowFastRetransmit	32	static
../Middlewares/Third_Party/FreeRTOS-TCP/FreeRTOS_TCP_WIN.c:2166:18:ulTCPWindowTxAck	24	static
../Middlewares/Third_Party/FreeRTOS-TCP/FreeRTOS_TCP_WIN.c:2202:18:ulTCPWindowTxSack	48	static
