../Middlewares/Third_Party/FreeRTOS-TCP/FreeRTOS_IP_Utils.c:155:6:vSetMultiCastIPv4MacAddress	24	static
../Middlewares/Third_Party/FreeRTOS-TCP/FreeRTOS_IP_Utils.c:178:29:pxDuplicateNetworkBufferWithDescriptor	24	static
../Middlewares/Third_Party/FreeRTOS-TCP/FreeRTOS_IP_Utils.c:220:36:prvPacketBuffer_to_NetworkBuffer	24	static
../Middlewares/Third_Party/FreeRTOS-TCP/FreeRTOS_IP_Utils.c:272:33:pxPacketBuffer_to_NetworkBuffer	16	static
../Middlewares/Third_Party/FreeRTOS-TCP/FreeRTOS_IP_Utils.c:287:29:pxUDPPayloadBuffer_to_NetworkBuffer	16	static
../Middlewares/Third_Party/FreeRTOS-TCP/FreeRTOS_IP_Utils.c:303:12:xIsCallingFromIPTask	24	static
../Middlewares/Third_Party/FreeRTOS-TCP/FreeRTOS_IP_Utils.c:329:6:prvProcessNetworkDownEvent	8	static
../Middlewares/Third_Party/FreeRTOS-TCP/FreeRTOS_IP_Utils.c:386:6:vPreCheckConfigs	56	static,ignoring_inline_asm
../Middlewares/Third_Party/FreeRTOS-TCP/FreeRTOS_IP_Utils.c:447:10:usGenerateProtocolChecksum	80	static
../Middlewares/Third_Party/FreeRTOS-TCP/FreeRTOS_IP_Utils.c:827:10:usGenerateChecksum	64	static
../Middlewares/Third_Party/FreeRTOS-TCP/FreeRTOS_IP_Utils.c:1016:10:vPrintResourceStats	16	static
../Middlewares/Third_Party/FreeRTOS-TCP/FreeRTOS_IP_Utils.c:1089:14:FreeRTOS_strerror_r	32	static
../Middlewares/Third_Party/FreeRTOS-TCP/FreeRTOS_IP_Utils.c:1189:9:FreeRTOS_max_int32	16	static
../Middlewares/Third_Party/FreeRTOS-TCP/FreeRTOS_IP_Utils.c:1202:10:FreeRTOS_max_uint32	16	static
../Middlewares/Third_Party/FreeRTOS-TCP/FreeRTOS_IP_Utils.c:1215:8:FreeRTOS_max_size_t	16	static
../Middlewares/Third_Party/FreeRTOS-TCP/FreeRTOS_IP_Utils.c:1228:9:FreeRTOS_min_int32	16	static
../Middlewares/Third_Party/FreeRTOS-TCP/FreeRTOS_IP_Utils.c:1241:10:FreeRTOS_min_uint32	16	static
../Middlewares/Third_Party/FreeRTOS-TCP/FreeRTOS_IP_Utils.c:1254:8:FreeRTOS_min_size_t	16	static
../Middlewares/Third_Party/FreeRTOS-TCP/FreeRTOS_IP_Utils.c:1267:10:FreeRTOS_round_up	24	static,ignoring_inline_asm
../Middlewares/Third_Party/FreeRTOS-TCP/FreeRTOS_IP_Utils.c:1289:10:FreeRTOS_round_down	24	static,ignoring_inline_asm
../Middlewares/Third_Party/FreeRTOS-TCP/FreeRTOS_IP_Utils.c:1314:10:ulChar2u32	16	static
../Middlewares/Third_Party/FreeRTOS-TCP/FreeRTOS_IP_Utils.c:1332:10:usChar2u16	16	static
