../Middlewares/Third_Party/FreeRTOS-TCP/FreeRTOS_IP.c:236:13:prvIPTask	16	static
../Middlewares/Third_Party/FreeRTOS-TCP/FreeRTOS_IP.c:276:13:prvProcessIPEventsAndTimers	40	static
../Middlewares/Third_Party/FreeRTOS-TCP/FreeRTOS_IP.c:512:14:FreeRTOS_GetIPTaskHandle	4	static
../Middlewares/Third_Party/FreeRTOS-TCP/FreeRTOS_IP.c:521:6:vIPNetworkUpCalls	8	static
../Middlewares/Third_Party/FreeRTOS-TCP/FreeRTOS_IP.c:551:12:xIsNetworkDownEventPending	4	static
../Middlewares/Third_Party/FreeRTOS-TCP/FreeRTOS_IP.c:563:13:prvHandleEthernetPacket	24	static
../Middlewares/Third_Party/FreeRTOS-TCP/FreeRTOS_IP.c:605:6:FreeRTOS_NetworkDown	16	static
../Middlewares/Third_Party/FreeRTOS-TCP/FreeRTOS_IP.c:634:12:FreeRTOS_NetworkDownFromISR	16	static
../Middlewares/Third_Party/FreeRTOS-TCP/FreeRTOS_IP.c:665:8:FreeRTOS_GetUDPPayloadBuffer	32	static
../Middlewares/Third_Party/FreeRTOS-TCP/FreeRTOS_IP.c:718:12:FreeRTOS_IPInit	56	static,ignoring_inline_asm
../Middlewares/Third_Party/FreeRTOS-TCP/FreeRTOS_IP.c:851:6:FreeRTOS_GetAddressConfiguration	24	static
../Middlewares/Third_Party/FreeRTOS-TCP/FreeRTOS_IP.c:889:6:FreeRTOS_SetAddressConfiguration	24	static
../Middlewares/Third_Party/FreeRTOS-TCP/FreeRTOS_IP.c:923:6:FreeRTOS_ReleaseUDPPayloadBuffer	16	static
../Middlewares/Third_Party/FreeRTOS-TCP/FreeRTOS_IP.c:941:16:FreeRTOS_ReleaseTCPPayloadBuffer	56	static,ignoring_inline_asm
../Middlewares/Third_Party/FreeRTOS-TCP/FreeRTOS_IP.c:1081:12:xSendEventToIPTask	32	static
../Middlewares/Third_Party/FreeRTOS-TCP/FreeRTOS_IP.c:1101:12:xSendEventStructToIPTask	32	static
../Middlewares/Third_Party/FreeRTOS-TCP/FreeRTOS_IP.c:1173:26:eConsiderFrameForProcessing	32	static
../Middlewares/Third_Party/FreeRTOS-TCP/FreeRTOS_IP.c:1238:13:prvProcessEthernetPacket	32	static,ignoring_inline_asm
../Middlewares/Third_Party/FreeRTOS-TCP/FreeRTOS_IP.c:1373:12:xIsIPv4Multicast	24	static
../Middlewares/Third_Party/FreeRTOS-TCP/FreeRTOS_IP.c:1400:33:prvAllowIPPacket	48	static
../Middlewares/Third_Party/FreeRTOS-TCP/FreeRTOS_IP.c:1597:33:prvProcessIPPacket	72	static
../Middlewares/Third_Party/FreeRTOS-TCP/FreeRTOS_IP.c:1826:23:xCheckSizeFields	48	static
../Middlewares/Third_Party/FreeRTOS-TCP/FreeRTOS_IP.c:1955:6:vReturnEthernetFrame	32	static
../Middlewares/Third_Party/FreeRTOS-TCP/FreeRTOS_IP.c:2036:10:FreeRTOS_GetIPAddress	4	static
../Middlewares/Third_Party/FreeRTOS-TCP/FreeRTOS_IP.c:2047:6:FreeRTOS_SetIPAddress	16	static
../Middlewares/Third_Party/FreeRTOS-TCP/FreeRTOS_IP.c:2059:10:FreeRTOS_GetGatewayAddress	4	static
../Middlewares/Third_Party/FreeRTOS-TCP/FreeRTOS_IP.c:2070:10:FreeRTOS_GetDNSServerAddress	4	static
../Middlewares/Third_Party/FreeRTOS-TCP/FreeRTOS_IP.c:2081:10:FreeRTOS_GetNetmask	4	static
../Middlewares/Third_Party/FreeRTOS-TCP/FreeRTOS_IP.c:2092:6:FreeRTOS_UpdateMACAddress	16	static
../Middlewares/Third_Party/FreeRTOS-TCP/FreeRTOS_IP.c:2104:17:FreeRTOS_GetMACAddress	4	static
../Middlewares/Third_Party/FreeRTOS-TCP/FreeRTOS_IP.c:2115:6:FreeRTOS_SetNetmask	16	static
../Middlewares/Third_Party/FreeRTOS-TCP/FreeRTOS_IP.c:2126:6:FreeRTOS_SetGatewayAddress	16	static
../Middlewares/Third_Party/FreeRTOS-TCP/FreeRTOS_IP.c:2137:12:xIPIsNetworkTaskReady	4	static
../Middlewares/Third_Party/FreeRTOS-TCP/FreeRTOS_IP.c:2148:12:FreeRTOS_IsNetworkUp	4	static
