../Middlewares/Third_Party/FreeRTOS-TCP/NetworkInterface.c:313:6:HAL_ETH_RxCpltCallback	32	static,ignoring_inline_asm
../Middlewares/Third_Party/FreeRTOS-TCP/NetworkInterface.c:328:6:HAL_ETH_TxCpltCallback	32	static,ignoring_inline_asm
../Middlewares/Third_Party/FreeRTOS-TCP/NetworkInterface.c:343:13:vClearTXBuffers	24	static
../Middlewares/Third_Party/FreeRTOS-TCP/NetworkInterface.c:391:12:xNetworkInterfaceInitialise	24	static
../Middlewares/Third_Party/FreeRTOS-TCP/NetworkInterface.c:528:13:prvDMATxDescListInit	16	static
../Middlewares/Third_Party/FreeRTOS-TCP/NetworkInterface.c:577:13:prvDMARxDescListInit	24	static,ignoring_inline_asm
../Middlewares/Third_Party/FreeRTOS-TCP/NetworkInterface.c:663:12:xNetworkInterfaceOutput	48	static,ignoring_inline_asm
../Middlewares/Third_Party/FreeRTOS-TCP/NetworkInterface.c:789:19:xMayAcceptPacket	24	static
../Middlewares/Third_Party/FreeRTOS-TCP/NetworkInterface.c:881:13:prvPassEthMessages	32	static
../Middlewares/Third_Party/FreeRTOS-TCP/NetworkInterface.c:916:19:prvNetworkInterfaceInput	56	static,ignoring_inline_asm
../Middlewares/Third_Party/FreeRTOS-TCP/NetworkInterface.c:1073:12:xSTM32_PhyRead	32	static
../Middlewares/Third_Party/FreeRTOS-TCP/NetworkInterface.c:1098:12:xSTM32_PhyWrite	32	static
../Middlewares/Third_Party/FreeRTOS-TCP/NetworkInterface.c:1123:6:vMACBProbePhy	8	static
../Middlewares/Third_Party/FreeRTOS-TCP/NetworkInterface.c:1131:13:prvEthernetUpdateConfig	16	static
../Middlewares/Third_Party/FreeRTOS-TCP/NetworkInterface.c:1210:12:xGetPhyLinkStatus	16	static
../Middlewares/Third_Party/FreeRTOS-TCP/NetworkInterface.c:1229:6:vNetworkInterfaceAllocateRAMToBuffers	24	static
../Middlewares/Third_Party/FreeRTOS-TCP/NetworkInterface.c:1248:13:prvEMACHandlerTask	32	static
../Middlewares/Third_Party/FreeRTOS-TCP/NetworkInterface.c:1316:6:ETH_IRQHandler	8	static
