../Drivers/STM32F4xx_HAL_Driver/Src/stm32fxx_hal_eth.c:207:27:HAL_ETH_Init	32	static
../Drivers/STM32F4xx_HAL_Driver/Src/stm32fxx_hal_eth.c:344:27:HAL_ETH_DeInit	16	static
../Drivers/STM32F4xx_HAL_Driver/Src/stm32fxx_hal_eth.c:368:21:HAL_ETH_MspInit	16	static
../Drivers/STM32F4xx_HAL_Driver/Src/stm32fxx_hal_eth.c:382:21:HAL_ETH_MspDeInit	16	static
../Drivers/STM32F4xx_HAL_Driver/Src/stm32fxx_hal_eth.c:423:14:HAL_ETH_IRQHandler	24	static
../Drivers/STM32F4xx_HAL_Driver/Src/stm32fxx_hal_eth.c:458:21:HAL_ETH_TxCpltCallback	16	static
../Drivers/STM32F4xx_HAL_Driver/Src/stm32fxx_hal_eth.c:472:21:HAL_ETH_RxCpltCallback	16	static
../Drivers/STM32F4xx_HAL_Driver/Src/stm32fxx_hal_eth.c:486:21:HAL_ETH_ErrorCallback	16	static
../Drivers/STM32F4xx_HAL_Driver/Src/stm32fxx_hal_eth.c:506:27:HAL_ETH_ReadPHYRegister	40	static
../Drivers/STM32F4xx_HAL_Driver/Src/stm32fxx_hal_eth.c:590:27:HAL_ETH_WritePHYRegister	40	static
../Drivers/STM32F4xx_HAL_Driver/Src/stm32fxx_hal_eth.c:694:27:HAL_ETH_Start	16	static
../Drivers/STM32F4xx_HAL_Driver/Src/stm32fxx_hal_eth.c:733:27:HAL_ETH_Stop	16	static
../Drivers/STM32F4xx_HAL_Driver/Src/stm32fxx_hal_eth.c:766:21:vRegisterDelay	16	static,ignoring_inline_asm
../Drivers/STM32F4xx_HAL_Driver/Src/stm32fxx_hal_eth.c:790:21:prvWriteMACFCR	16	static
../Drivers/STM32F4xx_HAL_Driver/Src/stm32fxx_hal_eth.c:806:21:prvWriteDMAOMR	16	static
../Drivers/STM32F4xx_HAL_Driver/Src/stm32fxx_hal_eth.c:822:21:prvWriteMACCR	16	static
../Drivers/STM32F4xx_HAL_Driver/Src/stm32fxx_hal_eth.c:845:27:HAL_ETH_ConfigMAC	24	static
../Drivers/STM32F4xx_HAL_Driver/Src/stm32fxx_hal_eth.c:998:27:HAL_ETH_ConfigDMA	24	static
../Drivers/STM32F4xx_HAL_Driver/Src/stm32fxx_hal_eth.c:1101:30:HAL_ETH_GetState	16	static
../Drivers/STM32F4xx_HAL_Driver/Src/stm32fxx_hal_eth.c:1126:21:ETH_MACDMAConfig	200	static
../Drivers/STM32F4xx_HAL_Driver/Src/stm32fxx_hal_eth.c:1374:21:ETH_MACAddressConfig	32	static
../Drivers/STM32F4xx_HAL_Driver/Src/stm32fxx_hal_eth.c:1403:21:ETH_MACTransmissionEnable	24	static
../Drivers/STM32F4xx_HAL_Driver/Src/stm32fxx_hal_eth.c:1416:21:ETH_MACTransmissionDisable	24	static
../Drivers/STM32F4xx_HAL_Driver/Src/stm32fxx_hal_eth.c:1429:21:ETH_MACReceptionEnable	24	static
../Drivers/STM32F4xx_HAL_Driver/Src/stm32fxx_hal_eth.c:1442:21:ETH_MACReceptionDisable	24	static
../Drivers/STM32F4xx_HAL_Driver/Src/stm32fxx_hal_eth.c:1455:21:ETH_DMATransmissionEnable	24	static
../Drivers/STM32F4xx_HAL_Driver/Src/stm32fxx_hal_eth.c:1469:21:ETH_DMATransmissionDisable	24	static
../Drivers/STM32F4xx_HAL_Driver/Src/stm32fxx_hal_eth.c:1483:21:ETH_DMAReceptionEnable	24	static
../Drivers/STM32F4xx_HAL_Driver/Src/stm32fxx_hal_eth.c:1497:21:ETH_DMAReceptionDisable	24	static
../Drivers/STM32F4xx_HAL_Driver/Src/stm32fxx_hal_eth.c:1511:21:ETH_FlushTransmitFIFO	24	static
