../Core/Src/freertos.c:475:6:vApplicationStackOverflowHook	16	static
../Core/Src/freertos.c:489:6:MX_FREERTOS_Init	8	static
../Core/Src/freertos.c:550:6:StartDefaultTask	120	static
../Core/Src/freertos.c:654:6:StartMQTTConn	72	static,ignoring_inline_asm
../Core/Src/freertos.c:740:6:StartPingWD	16	static
../Core/Src/freertos.c:758:6:StartTelemetry	184	static,ignoring_inline_asm
../Core/Src/freertos.c:883:6:StartLogging	104	static
../Core/Src/freertos.c:952:6:sendLog	16	static
../Core/Src/freertos.c:963:5:checkPowerAlarm	8	static
../Core/Src/freertos.c:967:6:readI2Csensor	80	static
../Core/Src/freertos.c:1018:7:readTempSensor	32	static
../Core/Src/freertos.c:1061:6:HAL_I2C_MasterTxCpltCallback	24	static
../Core/Src/freertos.c:1068:6:HAL_I2C_MasterRxCpltCallback	24	static
../Core/Src/freertos.c:1075:6:HAL_I2C_ErrorCallback	16	static
../Core/Src/freertos.c:1079:6:I2C_Reset	16	static
../Core/Src/freertos.c:1087:6:sendPointingResult	144	static
../Core/Src/freertos.c:1166:13:prvPublishCommandCallback	16	static
../Core/Src/freertos.c:1184:6:vApplicationIPNetworkEventHook	16	static
../Core/Src/freertos.c:1212:12:xApplicationGetRandomNumber	16	static
../Core/Src/freertos.c:1216:10:ulApplicationGetNextSequenceNumber	32	static
../Core/Src/freertos.c:1221:10:uxRand	16	static
../Core/Src/freertos.c:1228:13:prvIncomingPublishCallback	56	static
../Core/Src/freertos.c:1292:6:parseTime	184	static
../Core/Src/freertos.c:1328:6:parseBFTest	8	static
../Core/Src/freertos.c:1339:21:prvMQTTInit	88	static,ignoring_inline_asm
../Core/Src/freertos.c:1385:13:prvMQTTClientSocketWakeupCallback	32	static
../Core/Src/freertos.c:1435:21:prvHandleResubscribe	32	static,ignoring_inline_asm
../Core/Src/freertos.c:1455:21:prvMQTTConnect	256	static,ignoring_inline_asm
../Core/Src/freertos.c:1561:19:prvSocketConnect	56	static
../Core/Src/freertos.c:1640:19:prvSocketDisconnect	32	static
../Core/Src/freertos.c:1662:17:prvGetTimeMs	16	static
