../Core/Src/freertos.c:465:6:vApplicationStackOverflowHook	16	static
../Core/Src/freertos.c:479:6:MX_FREERTOS_Init	8	static
../Core/Src/freertos.c:541:6:StartDefaultTask	152	static
../Core/Src/freertos.c:640:6:StartMQTTConn	72	static,ignoring_inline_asm
../Core/Src/freertos.c:726:6:StartPingWD	16	static
../Core/Src/freertos.c:744:6:StartTelemetry	184	static,ignoring_inline_asm
../Core/Src/freertos.c:869:6:StartLogging	16	static
../Core/Src/freertos.c:881:5:checkPowerAlarm	8	static
../Core/Src/freertos.c:885:6:readI2Csensor	80	static
../Core/Src/freertos.c:936:7:readTempSensor	32	static
../Core/Src/freertos.c:979:6:HAL_I2C_MasterTxCpltCallback	24	static
../Core/Src/freertos.c:986:6:HAL_I2C_MasterRxCpltCallback	24	static
../Core/Src/freertos.c:993:6:HAL_I2C_ErrorCallback	16	static
../Core/Src/freertos.c:997:6:I2C_Reset	16	static
../Core/Src/freertos.c:1005:6:sendPointingResult	144	static
../Core/Src/freertos.c:1082:6:sendLog	104	static
../Core/Src/freertos.c:1143:13:prvPublishCommandCallback	16	static
../Core/Src/freertos.c:1161:6:vApplicationIPNetworkEventHook	16	static
../Core/Src/freertos.c:1183:12:xApplicationGetRandomNumber	16	static
../Core/Src/freertos.c:1187:10:ulApplicationGetNextSequenceNumber	32	static
../Core/Src/freertos.c:1192:10:uxRand	16	static
../Core/Src/freertos.c:1199:13:prvIncomingPublishCallback	56	static
../Core/Src/freertos.c:1262:6:parseTime	120	static
../Core/Src/freertos.c:1297:21:prvMQTTInit	88	static,ignoring_inline_asm
../Core/Src/freertos.c:1343:13:prvMQTTClientSocketWakeupCallback	32	static
../Core/Src/freertos.c:1393:21:prvHandleResubscribe	32	static,ignoring_inline_asm
../Core/Src/freertos.c:1413:21:prvMQTTConnect	256	static,ignoring_inline_asm
../Core/Src/freertos.c:1519:19:prvSocketConnect	56	static
../Core/Src/freertos.c:1598:19:prvSocketDisconnect	32	static
../Core/Src/freertos.c:1620:17:prvGetTimeMs	16	static
