../Core/Src/freertos.c:574:6:vApplicationStackOverflowHook	16	static
../Core/Src/freertos.c:588:6:MX_FREERTOS_Init	8	static
../Core/Src/freertos.c:648:6:StartDefaultTask	120	static
../Core/Src/freertos.c:752:6:StartMQTTConn	72	static,ignoring_inline_asm
../Core/Src/freertos.c:838:6:StartPingWD	72	static
../Core/Src/freertos.c:910:6:StartTelemetry	184	static,ignoring_inline_asm
../Core/Src/freertos.c:1034:6:StartLogging	104	static
../Core/Src/freertos.c:1106:6:sendLog	16	static
../Core/Src/freertos.c:1114:5:checkPowerAlarm	8	static
../Core/Src/freertos.c:1118:6:readI2Csensor	80	static
../Core/Src/freertos.c:1165:7:readTempSensor	32	static
../Core/Src/freertos.c:1208:6:HAL_I2C_MasterTxCpltCallback	24	static
../Core/Src/freertos.c:1215:6:HAL_I2C_MasterRxCpltCallback	24	static
../Core/Src/freertos.c:1222:6:HAL_I2C_ErrorCallback	16	static
../Core/Src/freertos.c:1226:6:I2C_Reset	16	static
../Core/Src/freertos.c:1234:6:sendPointingResult	144	static
../Core/Src/freertos.c:1313:13:prvPublishCommandCallback	16	static
../Core/Src/freertos.c:1331:6:vApplicationIPNetworkEventHook	16	static
../Core/Src/freertos.c:1363:12:xApplicationGetRandomNumber	16	static
../Core/Src/freertos.c:1367:10:ulApplicationGetNextSequenceNumber	32	static
../Core/Src/freertos.c:1372:10:uxRand	16	static
../Core/Src/freertos.c:1379:13:prvIncomingPublishCallback	72	static
../Core/Src/freertos.c:1447:6:parseTime	184	static
../Core/Src/freertos.c:1485:6:parseBFTest	8	static
../Core/Src/freertos.c:1496:21:prvMQTTInit	88	static,ignoring_inline_asm
../Core/Src/freertos.c:1542:13:prvMQTTClientSocketWakeupCallback	32	static
../Core/Src/freertos.c:1592:21:prvHandleResubscribe	32	static,ignoring_inline_asm
../Core/Src/freertos.c:1612:21:prvMQTTConnect	256	static,ignoring_inline_asm
../Core/Src/freertos.c:1702:19:prvSocketConnect	56	static
../Core/Src/freertos.c:1781:19:prvSocketDisconnect	32	static
../Core/Src/freertos.c:1803:17:prvGetTimeMs	16	static
../Core/Src/freertos.c:1824:19:resolveDns	40	static
../Core/Src/freertos.c:1851:13:sntpClient_GetTime	16	static
../Core/Src/freertos.c:1856:13:sntpClient_SetTime	104	static
../Core/Src/freertos.c:1902:9:UdpTransport_Send	48	static
../Core/Src/freertos.c:1928:16:UdpTransport_Recv	64	static
