../Core/Src/freertos.c:456:6:vApplicationStackOverflowHook	16	static
../Core/Src/freertos.c:470:6:MX_FREERTOS_Init	8	static
../Core/Src/freertos.c:532:6:StartDefaultTask	120	static
../Core/Src/freertos.c:622:6:StartMQTTConn	72	static,ignoring_inline_asm
../Core/Src/freertos.c:715:6:StartPingWD	16	static
../Core/Src/freertos.c:733:6:StartTelemetry	176	static,ignoring_inline_asm
../Core/Src/freertos.c:848:6:StartLogging	16	static
../Core/Src/freertos.c:859:5:checkPowerAlarm	8	static
../Core/Src/freertos.c:863:6:readI2Csensor	80	static
../Core/Src/freertos.c:914:7:readTempSensor	32	static
../Core/Src/freertos.c:957:6:HAL_I2C_MasterTxCpltCallback	24	static
../Core/Src/freertos.c:964:6:HAL_I2C_MasterRxCpltCallback	24	static
../Core/Src/freertos.c:971:6:HAL_I2C_ErrorCallback	16	static
../Core/Src/freertos.c:975:6:I2C_Reset	16	static
../Core/Src/freertos.c:983:6:sendPointingResult	144	static
../Core/Src/freertos.c:1060:6:sendLog	104	static
../Core/Src/freertos.c:1121:13:prvPublishCommandCallback	16	static
../Core/Src/freertos.c:1139:6:vApplicationIPNetworkEventHook	16	static
../Core/Src/freertos.c:1161:12:xApplicationGetRandomNumber	16	static
../Core/Src/freertos.c:1165:10:ulApplicationGetNextSequenceNumber	32	static
../Core/Src/freertos.c:1170:10:uxRand	16	static
../Core/Src/freertos.c:1177:13:prvIncomingPublishCallback	56	static
../Core/Src/freertos.c:1240:6:parseTime	120	static
../Core/Src/freertos.c:1274:21:prvMQTTInit	88	static,ignoring_inline_asm
../Core/Src/freertos.c:1320:13:prvMQTTClientSocketWakeupCallback	32	static
../Core/Src/freertos.c:1370:21:prvHandleResubscribe	32	static,ignoring_inline_asm
../Core/Src/freertos.c:1390:21:prvMQTTConnect	256	static,ignoring_inline_asm
../Core/Src/freertos.c:1496:19:prvSocketConnect	56	static
../Core/Src/freertos.c:1575:19:prvSocketDisconnect	32	static
../Core/Src/freertos.c:1597:17:prvGetTimeMs	16	static
