../Core/Src/freertos.c:446:6:vApplicationStackOverflowHook	16	static
../Core/Src/freertos.c:460:6:MX_FREERTOS_Init	8	static
../Core/Src/freertos.c:523:6:StartDefaultTask	152	static
../Core/Src/freertos.c:613:6:StartMQTTConn	72	static,ignoring_inline_asm
../Core/Src/freertos.c:706:6:StartPingWD	16	static
../Core/Src/freertos.c:724:6:StartTelemetry	168	static,ignoring_inline_asm
../Core/Src/freertos.c:842:5:checkPowerAlarm	8	static
../Core/Src/freertos.c:846:6:readI2Csensor	80	static
../Core/Src/freertos.c:897:7:readTempSensor	32	static
../Core/Src/freertos.c:940:6:HAL_I2C_MasterTxCpltCallback	24	static
../Core/Src/freertos.c:947:6:HAL_I2C_MasterRxCpltCallback	24	static
../Core/Src/freertos.c:954:6:HAL_I2C_ErrorCallback	16	static
../Core/Src/freertos.c:958:6:I2C_Reset	16	static
../Core/Src/freertos.c:966:6:sendPointingResult	144	static
../Core/Src/freertos.c:1043:6:sendLog	104	static
../Core/Src/freertos.c:1105:13:prvPublishCommandCallback	16	static
../Core/Src/freertos.c:1123:6:vApplicationIPNetworkEventHook	16	static
../Core/Src/freertos.c:1145:12:xApplicationGetRandomNumber	16	static
../Core/Src/freertos.c:1149:10:ulApplicationGetNextSequenceNumber	32	static
../Core/Src/freertos.c:1154:10:uxRand	16	static
../Core/Src/freertos.c:1161:13:prvIncomingPublishCallback	56	static
../Core/Src/freertos.c:1224:6:parseTime	120	static
../Core/Src/freertos.c:1258:21:prvMQTTInit	88	static,ignoring_inline_asm
../Core/Src/freertos.c:1304:13:prvMQTTClientSocketWakeupCallback	32	static
../Core/Src/freertos.c:1354:21:prvHandleResubscribe	32	static,ignoring_inline_asm
../Core/Src/freertos.c:1374:21:prvMQTTConnect	256	static,ignoring_inline_asm
../Core/Src/freertos.c:1480:19:prvSocketConnect	56	static
../Core/Src/freertos.c:1559:19:prvSocketDisconnect	32	static
../Core/Src/freertos.c:1581:17:prvGetTimeMs	16	static
