../Core/Src/freertos.c:465:6:vApplicationStackOverflowHook	16	static
../Core/Src/freertos.c:479:6:MX_FREERTOS_Init	8	static
../Core/Src/freertos.c:541:6:StartDefaultTask	120	static
../Core/Src/freertos.c:640:6:StartMQTTConn	72	static,ignoring_inline_asm
../Core/Src/freertos.c:734:6:StartPingWD	16	static
../Core/Src/freertos.c:752:6:StartTelemetry	184	static,ignoring_inline_asm
../Core/Src/freertos.c:877:6:StartLogging	16	static
../Core/Src/freertos.c:889:5:checkPowerAlarm	8	static
../Core/Src/freertos.c:893:6:readI2Csensor	80	static
../Core/Src/freertos.c:944:7:readTempSensor	32	static
../Core/Src/freertos.c:987:6:HAL_I2C_MasterTxCpltCallback	24	static
../Core/Src/freertos.c:994:6:HAL_I2C_MasterRxCpltCallback	24	static
../Core/Src/freertos.c:1001:6:HAL_I2C_ErrorCallback	16	static
../Core/Src/freertos.c:1005:6:I2C_Reset	16	static
../Core/Src/freertos.c:1013:6:sendPointingResult	144	static
../Core/Src/freertos.c:1090:6:sendLog	104	static
../Core/Src/freertos.c:1151:13:prvPublishCommandCallback	16	static
../Core/Src/freertos.c:1169:6:vApplicationIPNetworkEventHook	16	static
../Core/Src/freertos.c:1191:12:xApplicationGetRandomNumber	16	static
../Core/Src/freertos.c:1195:10:ulApplicationGetNextSequenceNumber	32	static
../Core/Src/freertos.c:1200:10:uxRand	16	static
../Core/Src/freertos.c:1207:13:prvIncomingPublishCallback	56	static
../Core/Src/freertos.c:1270:6:parseTime	120	static
../Core/Src/freertos.c:1304:21:prvMQTTInit	88	static,ignoring_inline_asm
../Core/Src/freertos.c:1350:13:prvMQTTClientSocketWakeupCallback	32	static
../Core/Src/freertos.c:1400:21:prvHandleResubscribe	32	static,ignoring_inline_asm
../Core/Src/freertos.c:1420:21:prvMQTTConnect	256	static,ignoring_inline_asm
../Core/Src/freertos.c:1526:19:prvSocketConnect	56	static
../Core/Src/freertos.c:1605:19:prvSocketDisconnect	32	static
../Core/Src/freertos.c:1627:17:prvGetTimeMs	16	static
