../Core/Src/freertos.c:575:6:vApplicationStackOverflowHook	16	static
../Core/Src/freertos.c:589:6:MX_FREERTOS_Init	8	static
../Core/Src/freertos.c:647:6:StartDefaultTask	120	static
../Core/Src/freertos.c:751:6:StartMQTTConn	72	static,ignoring_inline_asm
../Core/Src/freertos.c:837:6:StartPingWD	72	static
../Core/Src/freertos.c:912:6:StartTelemetry	184	static,ignoring_inline_asm
../Core/Src/freertos.c:1036:6:StartLogging	104	static
../Core/Src/freertos.c:1105:6:sendLog	16	static
../Core/Src/freertos.c:1116:5:checkPowerAlarm	8	static
../Core/Src/freertos.c:1120:6:readI2Csensor	80	static
../Core/Src/freertos.c:1171:7:readTempSensor	32	static
../Core/Src/freertos.c:1214:6:HAL_I2C_MasterTxCpltCallback	24	static
../Core/Src/freertos.c:1221:6:HAL_I2C_MasterRxCpltCallback	24	static
../Core/Src/freertos.c:1228:6:HAL_I2C_ErrorCallback	16	static
../Core/Src/freertos.c:1232:6:I2C_Reset	16	static
../Core/Src/freertos.c:1240:6:sendPointingResult	144	static
../Core/Src/freertos.c:1319:13:prvPublishCommandCallback	16	static
../Core/Src/freertos.c:1337:6:vApplicationIPNetworkEventHook	16	static
../Core/Src/freertos.c:1369:12:xApplicationGetRandomNumber	16	static
../Core/Src/freertos.c:1373:10:ulApplicationGetNextSequenceNumber	32	static
../Core/Src/freertos.c:1378:10:uxRand	16	static
../Core/Src/freertos.c:1385:13:prvIncomingPublishCallback	56	static
../Core/Src/freertos.c:1449:6:parseTime	184	static
../Core/Src/freertos.c:1485:6:parseBFTest	8	static
../Core/Src/freertos.c:1496:21:prvMQTTInit	88	static,ignoring_inline_asm
../Core/Src/freertos.c:1542:13:prvMQTTClientSocketWakeupCallback	32	static
../Core/Src/freertos.c:1592:21:prvHandleResubscribe	32	static,ignoring_inline_asm
../Core/Src/freertos.c:1612:21:prvMQTTConnect	256	static,ignoring_inline_asm
../Core/Src/freertos.c:1718:19:prvSocketConnect	56	static
../Core/Src/freertos.c:1797:19:prvSocketDisconnect	32	static
../Core/Src/freertos.c:1819:17:prvGetTimeMs	16	static
../Core/Src/freertos.c:1840:19:resolveDns	40	static
../Core/Src/freertos.c:1867:13:sntpClient_GetTime	16	static
../Core/Src/freertos.c:1872:13:sntpClient_SetTime	40	static
../Core/Src/freertos.c:1898:9:UdpTransport_Send	48	static
../Core/Src/freertos.c:1929:16:UdpTransport_Recv	64	static
