../Drivers/CMSIS/Include/core_cm4.h:2064:26:ITM_SendChar	16	static,ignoring_inline_asm
../Core/Src/main.c:87:6:ActivateEthPhy	8	static
../Core/Src/main.c:92:6:DeactivateEthPhy	8	static
../Core/Src/main.c:97:6:delay_us	16	static
../Core/Src/main.c:108:1:__io_putchar	16	static
../Core/Src/main.c:123:5:main	8	static
../Core/Src/main.c:189:6:SystemClock_Config	88	static
../Core/Src/main.c:232:6:gen_bitstring	344	static
../Core/Src/main.c:310:6:intTo6bits	24	static
../Core/Src/main.c:318:6:intToXbits	32	static
../Core/Src/main.c:326:6:send_bitstring_en	328	static
../Core/Src/main.c:419:6:parsePointing	192	static
../Core/Src/main.c:465:6:parseBFPower	48	static
../Core/Src/main.c:498:6:parseDoCPower	48	static
../Core/Src/main.c:535:6:doBFTest	2440	static
../Core/Src/main.c:573:6:sendBFPointing	24	static
../Core/Src/main.c:605:6:HAL_TIM_PeriodElapsedCallback	16	static
../Core/Src/main.c:624:6:Error_Handler	4	static,ignoring_inline_asm
